// Jest Snapshot v1, https://goo.gl/fbAQLP

exports[`Demonstrating Snapshot Testing 1`] = `
Array [
  <h1>
    Count: 
    0
  </h1>,
  <button
    onClick={[Function]}
  >
    +
  </button>,
  <button
    onClick={[Function]}
  >
    -
  </button>,
  <button
    onClick={[Function]}
  >
    Reset
  </button>,
]
`;
